// Jest Snapshot v1, https://goo.gl/fbAQLP

exports[`Header should match the snapshot 1`] = `
ShallowWrapper {
  Symbol(enzyme.__root__): [Circular],
  Symbol(enzyme.__unrendered__): <App />,
  Symbol(enzyme.__renderer__): Object {
    "batchedUpdates": [Function],
    "checkPropTypes": [Function],
    "getNode": [Function],
    "render": [Function],
    "simulateError": [Function],
    "simulateEvent": [Function],
    "unmount": [Function],
  },
  Symbol(enzyme.__node__): Object {
    "instance": null,
    "key": undefined,
    "nodeType": "host",
    "props": Object {
      "children": Array [
        <header
          className="App-header"
        >
          <div
            className="quint-logo"
          >
            <h1
              className="header-title"
            >
              Quint Advisors
            </h1>
            <p
              className="header-subtitle"
            >
              A geopolitical, security and cyber risk advisory practice.
            </p>
          </div>
          <h2>
             
          </h2>
          <div
            className="header-menu"
          >
            <button
              className="menu-button"
              onClick={[Function]}
              onMouseEnter={[Function]}
            >
              Menu
            </button>
          </div>
        </header>,
        false,
        <Route
          component={[Function]}
          exact={true}
          path="/"
        />,
        <Route
          component={[Function]}
          exact={true}
          path="/threat"
        />,
        <Route
          component={[Function]}
          exact={true}
          path="/whoweare"
        />,
        <Route
          component={[Function]}
          exact={true}
          path="/bios"
        />,
        <Route
          component={[Function]}
          exact={true}
          path="/products"
        />,
        <Route
          component={[Function]}
          exact={true}
          path="/contact"
        />,
        <Route
          component={[Function]}
          exact={true}
          path="/testimonials"
        />,
        <Route
          component={[Function]}
          exact={true}
          path="/publications"
        />,
        <Route
          path="/bios/:name"
          render={[Function]}
        />,
      ],
      "className": "App",
    },
    "ref": null,
    "rendered": Array [
      Object {
        "instance": null,
        "key": undefined,
        "nodeType": "host",
        "props": Object {
          "children": Array [
            <div
              className="quint-logo"
            >
              <h1
                className="header-title"
              >
                Quint Advisors
              </h1>
              <p
                className="header-subtitle"
              >
                A geopolitical, security and cyber risk advisory practice.
              </p>
            </div>,
            <h2>
               
            </h2>,
            <div
              className="header-menu"
            >
              <button
                className="menu-button"
                onClick={[Function]}
                onMouseEnter={[Function]}
              >
                Menu
              </button>
            </div>,
          ],
          "className": "App-header",
        },
        "ref": null,
        "rendered": Array [
          Object {
            "instance": null,
            "key": undefined,
            "nodeType": "host",
            "props": Object {
              "children": Array [
                <h1
                  className="header-title"
                >
                  Quint Advisors
                </h1>,
                <p
                  className="header-subtitle"
                >
                  A geopolitical, security and cyber risk advisory practice.
                </p>,
              ],
              "className": "quint-logo",
            },
            "ref": null,
            "rendered": Array [
              Object {
                "instance": null,
                "key": undefined,
                "nodeType": "host",
                "props": Object {
                  "children": "Quint Advisors",
                  "className": "header-title",
                },
                "ref": null,
                "rendered": "Quint Advisors",
                "type": "h1",
              },
              Object {
                "instance": null,
                "key": undefined,
                "nodeType": "host",
                "props": Object {
                  "children": "A geopolitical, security and cyber risk advisory practice.",
                  "className": "header-subtitle",
                },
                "ref": null,
                "rendered": "A geopolitical, security and cyber risk advisory practice.",
                "type": "p",
              },
            ],
            "type": "div",
          },
          Object {
            "instance": null,
            "key": undefined,
            "nodeType": "host",
            "props": Object {
              "children": " ",
            },
            "ref": null,
            "rendered": " ",
            "type": "h2",
          },
          Object {
            "instance": null,
            "key": undefined,
            "nodeType": "host",
            "props": Object {
              "children": <button
                className="menu-button"
                onClick={[Function]}
                onMouseEnter={[Function]}
              >
                Menu
              </button>,
              "className": "header-menu",
            },
            "ref": null,
            "rendered": Object {
              "instance": null,
              "key": undefined,
              "nodeType": "host",
              "props": Object {
                "children": "Menu",
                "className": "menu-button",
                "onClick": [Function],
                "onMouseEnter": [Function],
              },
              "ref": null,
              "rendered": "Menu",
              "type": "button",
            },
            "type": "div",
          },
        ],
        "type": "header",
      },
      false,
      Object {
        "instance": null,
        "key": undefined,
        "nodeType": "class",
        "props": Object {
          "component": [Function],
          "exact": true,
          "path": "/",
        },
        "ref": null,
        "rendered": null,
        "type": [Function],
      },
      Object {
        "instance": null,
        "key": undefined,
        "nodeType": "class",
        "props": Object {
          "component": [Function],
          "exact": true,
          "path": "/threat",
        },
        "ref": null,
        "rendered": null,
        "type": [Function],
      },
      Object {
        "instance": null,
        "key": undefined,
        "nodeType": "class",
        "props": Object {
          "component": [Function],
          "exact": true,
          "path": "/whoweare",
        },
        "ref": null,
        "rendered": null,
        "type": [Function],
      },
      Object {
        "instance": null,
        "key": undefined,
        "nodeType": "class",
        "props": Object {
          "component": [Function],
          "exact": true,
          "path": "/bios",
        },
        "ref": null,
        "rendered": null,
        "type": [Function],
      },
      Object {
        "instance": null,
        "key": undefined,
        "nodeType": "class",
        "props": Object {
          "component": [Function],
          "exact": true,
          "path": "/products",
        },
        "ref": null,
        "rendered": null,
        "type": [Function],
      },
      Object {
        "instance": null,
        "key": undefined,
        "nodeType": "class",
        "props": Object {
          "component": [Function],
          "exact": true,
          "path": "/contact",
        },
        "ref": null,
        "rendered": null,
        "type": [Function],
      },
      Object {
        "instance": null,
        "key": undefined,
        "nodeType": "class",
        "props": Object {
          "component": [Function],
          "exact": true,
          "path": "/testimonials",
        },
        "ref": null,
        "rendered": null,
        "type": [Function],
      },
      Object {
        "instance": null,
        "key": undefined,
        "nodeType": "class",
        "props": Object {
          "component": [Function],
          "exact": true,
          "path": "/publications",
        },
        "ref": null,
        "rendered": null,
        "type": [Function],
      },
      Object {
        "instance": null,
        "key": undefined,
        "nodeType": "class",
        "props": Object {
          "path": "/bios/:name",
          "render": [Function],
        },
        "ref": null,
        "rendered": null,
        "type": [Function],
      },
    ],
    "type": "div",
  },
  Symbol(enzyme.__nodes__): Array [
    Object {
      "instance": null,
      "key": undefined,
      "nodeType": "host",
      "props": Object {
        "children": Array [
          <header
            className="App-header"
          >
            <div
              className="quint-logo"
            >
              <h1
                className="header-title"
              >
                Quint Advisors
              </h1>
              <p
                className="header-subtitle"
              >
                A geopolitical, security and cyber risk advisory practice.
              </p>
            </div>
            <h2>
               
            </h2>
            <div
              className="header-menu"
            >
              <button
                className="menu-button"
                onClick={[Function]}
                onMouseEnter={[Function]}
              >
                Menu
              </button>
            </div>
          </header>,
          false,
          <Route
            component={[Function]}
            exact={true}
            path="/"
          />,
          <Route
            component={[Function]}
            exact={true}
            path="/threat"
          />,
          <Route
            component={[Function]}
            exact={true}
            path="/whoweare"
          />,
          <Route
            component={[Function]}
            exact={true}
            path="/bios"
          />,
          <Route
            component={[Function]}
            exact={true}
            path="/products"
          />,
          <Route
            component={[Function]}
            exact={true}
            path="/contact"
          />,
          <Route
            component={[Function]}
            exact={true}
            path="/testimonials"
          />,
          <Route
            component={[Function]}
            exact={true}
            path="/publications"
          />,
          <Route
            path="/bios/:name"
            render={[Function]}
          />,
        ],
        "className": "App",
      },
      "ref": null,
      "rendered": Array [
        Object {
          "instance": null,
          "key": undefined,
          "nodeType": "host",
          "props": Object {
            "children": Array [
              <div
                className="quint-logo"
              >
                <h1
                  className="header-title"
                >
                  Quint Advisors
                </h1>
                <p
                  className="header-subtitle"
                >
                  A geopolitical, security and cyber risk advisory practice.
                </p>
              </div>,
              <h2>
                 
              </h2>,
              <div
                className="header-menu"
              >
                <button
                  className="menu-button"
                  onClick={[Function]}
                  onMouseEnter={[Function]}
                >
                  Menu
                </button>
              </div>,
            ],
            "className": "App-header",
          },
          "ref": null,
          "rendered": Array [
            Object {
              "instance": null,
              "key": undefined,
              "nodeType": "host",
              "props": Object {
                "children": Array [
                  <h1
                    className="header-title"
                  >
                    Quint Advisors
                  </h1>,
                  <p
                    className="header-subtitle"
                  >
                    A geopolitical, security and cyber risk advisory practice.
                  </p>,
                ],
                "className": "quint-logo",
              },
              "ref": null,
              "rendered": Array [
                Object {
                  "instance": null,
                  "key": undefined,
                  "nodeType": "host",
                  "props": Object {
                    "children": "Quint Advisors",
                    "className": "header-title",
                  },
                  "ref": null,
                  "rendered": "Quint Advisors",
                  "type": "h1",
                },
                Object {
                  "instance": null,
                  "key": undefined,
                  "nodeType": "host",
                  "props": Object {
                    "children": "A geopolitical, security and cyber risk advisory practice.",
                    "className": "header-subtitle",
                  },
                  "ref": null,
                  "rendered": "A geopolitical, security and cyber risk advisory practice.",
                  "type": "p",
                },
              ],
              "type": "div",
            },
            Object {
              "instance": null,
              "key": undefined,
              "nodeType": "host",
              "props": Object {
                "children": " ",
              },
              "ref": null,
              "rendered": " ",
              "type": "h2",
            },
            Object {
              "instance": null,
              "key": undefined,
              "nodeType": "host",
              "props": Object {
                "children": <button
                  className="menu-button"
                  onClick={[Function]}
                  onMouseEnter={[Function]}
                >
                  Menu
                </button>,
                "className": "header-menu",
              },
              "ref": null,
              "rendered": Object {
                "instance": null,
                "key": undefined,
                "nodeType": "host",
                "props": Object {
                  "children": "Menu",
                  "className": "menu-button",
                  "onClick": [Function],
                  "onMouseEnter": [Function],
                },
                "ref": null,
                "rendered": "Menu",
                "type": "button",
              },
              "type": "div",
            },
          ],
          "type": "header",
        },
        false,
        Object {
          "instance": null,
          "key": undefined,
          "nodeType": "class",
          "props": Object {
            "component": [Function],
            "exact": true,
            "path": "/",
          },
          "ref": null,
          "rendered": null,
          "type": [Function],
        },
        Object {
          "instance": null,
          "key": undefined,
          "nodeType": "class",
          "props": Object {
            "component": [Function],
            "exact": true,
            "path": "/threat",
          },
          "ref": null,
          "rendered": null,
          "type": [Function],
        },
        Object {
          "instance": null,
          "key": undefined,
          "nodeType": "class",
          "props": Object {
            "component": [Function],
            "exact": true,
            "path": "/whoweare",
          },
          "ref": null,
          "rendered": null,
          "type": [Function],
        },
        Object {
          "instance": null,
          "key": undefined,
          "nodeType": "class",
          "props": Object {
            "component": [Function],
            "exact": true,
            "path": "/bios",
          },
          "ref": null,
          "rendered": null,
          "type": [Function],
        },
        Object {
          "instance": null,
          "key": undefined,
          "nodeType": "class",
          "props": Object {
            "component": [Function],
            "exact": true,
            "path": "/products",
          },
          "ref": null,
          "rendered": null,
          "type": [Function],
        },
        Object {
          "instance": null,
          "key": undefined,
          "nodeType": "class",
          "props": Object {
            "component": [Function],
            "exact": true,
            "path": "/contact",
          },
          "ref": null,
          "rendered": null,
          "type": [Function],
        },
        Object {
          "instance": null,
          "key": undefined,
          "nodeType": "class",
          "props": Object {
            "component": [Function],
            "exact": true,
            "path": "/testimonials",
          },
          "ref": null,
          "rendered": null,
          "type": [Function],
        },
        Object {
          "instance": null,
          "key": undefined,
          "nodeType": "class",
          "props": Object {
            "component": [Function],
            "exact": true,
            "path": "/publications",
          },
          "ref": null,
          "rendered": null,
          "type": [Function],
        },
        Object {
          "instance": null,
          "key": undefined,
          "nodeType": "class",
          "props": Object {
            "path": "/bios/:name",
            "render": [Function],
          },
          "ref": null,
          "rendered": null,
          "type": [Function],
        },
      ],
      "type": "div",
    },
  ],
  Symbol(enzyme.__options__): Object {
    "adapter": ReactSixteenAdapter {
      "options": Object {
        "enableComponentDidUpdateOnSetState": true,
        "legacyContextMode": "parent",
        "lifecycles": Object {
          "componentDidUpdate": Object {
            "onSetState": true,
          },
          "getChildContext": Object {
            "calledByRenderer": false,
          },
          "getDerivedStateFromError": true,
          "getDerivedStateFromProps": Object {
            "hasShouldComponentUpdateBug": false,
          },
          "getSnapshotBeforeUpdate": true,
          "setState": Object {
            "skipsComponentDidUpdateOnNullish": true,
          },
        },
      },
    },
    Symbol(enzyme.__providerValues__): undefined,
  },
  Symbol(enzyme.__providerValues__): Map {},
  Symbol(enzyme.__childContext__): null,
}
`;
